// Jest Snapshot v1, https://goo.gl/fbAQLP

exports[`StyledParagraph renders correctly 1`] = `
<div
  className="sc-bdnylx fHTwrT"
>
  Test Paragraph
</div>
`;
